David was added
They are player number 1
Question was incorrectly answered
David was sent to the penalty box
David is the current player
They have rolled a 3
David is getting out of the penalty box
David's new location is 3
The category is Rock
Rock Question 0
