David was added
They are player number 1
Question was incorrectly answered
David was sent to the penalty box
David is the current player
They have rolled a 2
David is not getting out of the penalty box
