David was added
They are player number 1
David is the current player
They have rolled a 5
David's new location is 5
The category is Science
Science Question 0
