David was added
They are player number 1
Answer was corrent!!!!
David now has 1 Gold Coins.
Answer was corrent!!!!
David now has 2 Gold Coins.
Answer was corrent!!!!
David now has 3 Gold Coins.
Answer was corrent!!!!
David now has 4 Gold Coins.
Answer was corrent!!!!
David now has 5 Gold Coins.
Answer was corrent!!!!
David now has 6 Gold Coins.
