David was added
They are player number 1
David is the current player
They have rolled a 1
David's new location is 1
The category is Science
Science Question 0
