David was added
They are player number 1
David is the current player
They have rolled a 4
David's new location is 4
The category is Pop
Pop Question 0
